// Jest Snapshot v1, https://goo.gl/fbAQLP

exports[`<Home/> test 1`] = `
<View
  style={
    Object {
      "alignItems": "center",
      "backgroundColor": "#F5FCFF",
      "flex": 1,
      "justifyContent": "center",
    }
  }
>
  <Text
    style={
      Object {
        "fontSize": 20,
        "margin": 10,
        "textAlign": "center",
      }
    }
  >
    Track workouts here
  </Text>
  <Text
    style={
      Object {
        "color": "#333333",
        "marginBottom": 5,
        "textAlign": "center",
      }
    }
  >
    Version 1.0 + 1
  </Text>
</View>
`;
